Archive member included to satisfy reference by file (symbol)

c:/winavr/bin/../lib/gcc/avr/9.1.0/avr5\libgcc.a(_divmodhi4.o)
                              ./final_project.o (__divmodhi4)
c:/winavr/bin/../lib/gcc/avr/9.1.0/avr5\libgcc.a(_exit.o)
                              c:/winavr/bin/../lib/gcc/avr/9.1.0/../../../../avr/lib/avr5/crtatmega16.o (exit)
c:/winavr/bin/../lib/gcc/avr/9.1.0/avr5\libgcc.a(_copy_data.o)
                              ./final_project.o (__do_copy_data)
c:/winavr/bin/../lib/gcc/avr/9.1.0/avr5\libgcc.a(_clear_bss.o)
                              ./final_project.o (__do_clear_bss)
c:/winavr/bin/../lib/gcc/avr/9.1.0/avr5\libgcc.a(_udivmodhi4.o)
                              c:/winavr/bin/../lib/gcc/avr/9.1.0/avr5\libgcc.a(_divmodhi4.o) (__udivmodhi4)
c:/winavr/bin/../lib/gcc/avr/9.1.0/../../../../avr/lib/avr5\libm.a(cmpsf2.o)
                              ./final_project.o (__ltsf2)
c:/winavr/bin/../lib/gcc/avr/9.1.0/../../../../avr/lib/avr5\libm.a(divsf3.o)
                              ./final_project.o (__divsf3)
c:/winavr/bin/../lib/gcc/avr/9.1.0/../../../../avr/lib/avr5\libm.a(divsf3x.o)
                              c:/winavr/bin/../lib/gcc/avr/9.1.0/../../../../avr/lib/avr5\libm.a(divsf3.o) (__divsf3x)
c:/winavr/bin/../lib/gcc/avr/9.1.0/../../../../avr/lib/avr5\libm.a(fixunssfsi.o)
                              ./final_project.o (__fixunssfsi)
c:/winavr/bin/../lib/gcc/avr/9.1.0/../../../../avr/lib/avr5\libm.a(fp_cmp.o)
                              c:/winavr/bin/../lib/gcc/avr/9.1.0/../../../../avr/lib/avr5\libm.a(cmpsf2.o) (__fp_cmp)
c:/winavr/bin/../lib/gcc/avr/9.1.0/../../../../avr/lib/avr5\libm.a(fp_inf.o)
                              c:/winavr/bin/../lib/gcc/avr/9.1.0/../../../../avr/lib/avr5\libm.a(divsf3x.o) (__fp_inf)
c:/winavr/bin/../lib/gcc/avr/9.1.0/../../../../avr/lib/avr5\libm.a(fp_nan.o)
                              c:/winavr/bin/../lib/gcc/avr/9.1.0/../../../../avr/lib/avr5\libm.a(divsf3x.o) (__fp_nan)
c:/winavr/bin/../lib/gcc/avr/9.1.0/../../../../avr/lib/avr5\libm.a(fp_pscA.o)
                              c:/winavr/bin/../lib/gcc/avr/9.1.0/../../../../avr/lib/avr5\libm.a(divsf3x.o) (__fp_pscA)
c:/winavr/bin/../lib/gcc/avr/9.1.0/../../../../avr/lib/avr5\libm.a(fp_pscB.o)
                              c:/winavr/bin/../lib/gcc/avr/9.1.0/../../../../avr/lib/avr5\libm.a(divsf3x.o) (__fp_pscB)
c:/winavr/bin/../lib/gcc/avr/9.1.0/../../../../avr/lib/avr5\libm.a(fp_round.o)
                              c:/winavr/bin/../lib/gcc/avr/9.1.0/../../../../avr/lib/avr5\libm.a(divsf3.o) (__fp_round)
c:/winavr/bin/../lib/gcc/avr/9.1.0/../../../../avr/lib/avr5\libm.a(fp_split3.o)
                              c:/winavr/bin/../lib/gcc/avr/9.1.0/../../../../avr/lib/avr5\libm.a(divsf3x.o) (__fp_split3)
c:/winavr/bin/../lib/gcc/avr/9.1.0/../../../../avr/lib/avr5\libm.a(fp_zero.o)
                              c:/winavr/bin/../lib/gcc/avr/9.1.0/../../../../avr/lib/avr5\libm.a(fixunssfsi.o) (__fp_zero)
c:/winavr/bin/../lib/gcc/avr/9.1.0/../../../../avr/lib/avr5\libm.a(gesf2.o)
                              ./final_project.o (__gtsf2)
c:/winavr/bin/../lib/gcc/avr/9.1.0/../../../../avr/lib/avr5\libm.a(mulsf3.o)
                              ./final_project.o (__mulsf3)
c:/winavr/bin/../lib/gcc/avr/9.1.0/../../../../avr/lib/avr5\libm.a(mulsf3x.o)
                              c:/winavr/bin/../lib/gcc/avr/9.1.0/../../../../avr/lib/avr5\libm.a(mulsf3.o) (__mulsf3x)

Memory Configuration

Name             Origin             Length             Attributes
text             0x0000000000000000 0x0000000000020000 xr
data             0x0000000000800060 0x000000000000ffa0 rw !x
eeprom           0x0000000000810000 0x0000000000010000 rw !x
fuse             0x0000000000820000 0x0000000000000400 rw !x
lock             0x0000000000830000 0x0000000000000400 rw !x
signature        0x0000000000840000 0x0000000000000400 rw !x
user_signatures  0x0000000000850000 0x0000000000000400 rw !x
*default*        0x0000000000000000 0xffffffffffffffff

Linker script and memory map

LOAD c:/winavr/bin/../lib/gcc/avr/9.1.0/../../../../avr/lib/avr5/crtatmega16.o
LOAD ./final_project.o
START GROUP
LOAD c:/winavr/bin/../lib/gcc/avr/9.1.0/avr5\libgcc.a
LOAD c:/winavr/bin/../lib/gcc/avr/9.1.0/../../../../avr/lib/avr5\libm.a
LOAD c:/winavr/bin/../lib/gcc/avr/9.1.0/../../../../avr/lib/avr5\libc.a
LOAD c:/winavr/bin/../lib/gcc/avr/9.1.0/../../../../avr/lib/avr5\libatmega16.a
END GROUP
                0x0000000000020000                __TEXT_REGION_LENGTH__ = DEFINED (__TEXT_REGION_LENGTH__)?__TEXT_REGION_LENGTH__:0x20000
                0x000000000000ffa0                __DATA_REGION_LENGTH__ = DEFINED (__DATA_REGION_LENGTH__)?__DATA_REGION_LENGTH__:0xffa0
                0x0000000000010000                __EEPROM_REGION_LENGTH__ = DEFINED (__EEPROM_REGION_LENGTH__)?__EEPROM_REGION_LENGTH__:0x10000
                0x0000000000000400                __FUSE_REGION_LENGTH__ = DEFINED (__FUSE_REGION_LENGTH__)?__FUSE_REGION_LENGTH__:0x400
                0x0000000000000400                __LOCK_REGION_LENGTH__ = DEFINED (__LOCK_REGION_LENGTH__)?__LOCK_REGION_LENGTH__:0x400
                0x0000000000000400                __SIGNATURE_REGION_LENGTH__ = DEFINED (__SIGNATURE_REGION_LENGTH__)?__SIGNATURE_REGION_LENGTH__:0x400
                0x0000000000000400                __USER_SIGNATURE_REGION_LENGTH__ = DEFINED (__USER_SIGNATURE_REGION_LENGTH__)?__USER_SIGNATURE_REGION_LENGTH__:0x400

.hash
 *(.hash)

.dynsym
 *(.dynsym)

.dynstr
 *(.dynstr)

.gnu.version
 *(.gnu.version)

.gnu.version_d
 *(.gnu.version_d)

.gnu.version_r
 *(.gnu.version_r)

.rel.init
 *(.rel.init)

.rela.init
 *(.rela.init)

.rel.text
 *(.rel.text)
 *(.rel.text.*)
 *(.rel.gnu.linkonce.t*)

.rela.text
 *(.rela.text)
 *(.rela.text.*)
 *(.rela.gnu.linkonce.t*)

.rel.fini
 *(.rel.fini)

.rela.fini
 *(.rela.fini)

.rel.rodata
 *(.rel.rodata)
 *(.rel.rodata.*)
 *(.rel.gnu.linkonce.r*)

.rela.rodata
 *(.rela.rodata)
 *(.rela.rodata.*)
 *(.rela.gnu.linkonce.r*)

.rel.data
 *(.rel.data)
 *(.rel.data.*)
 *(.rel.gnu.linkonce.d*)

.rela.data
 *(.rela.data)
 *(.rela.data.*)
 *(.rela.gnu.linkonce.d*)

.rel.ctors
 *(.rel.ctors)

.rela.ctors
 *(.rela.ctors)

.rel.dtors
 *(.rel.dtors)

.rela.dtors
 *(.rela.dtors)

.rel.got
 *(.rel.got)

.rela.got
 *(.rela.got)

.rel.bss
 *(.rel.bss)

.rela.bss
 *(.rela.bss)

.rel.plt
 *(.rel.plt)

.rela.plt
 *(.rela.plt)

.text           0x0000000000000000     0x2002
 *(.vectors)
 .vectors       0x0000000000000000       0x54 c:/winavr/bin/../lib/gcc/avr/9.1.0/../../../../avr/lib/avr5/crtatmega16.o
                0x0000000000000000                __vector_default
                0x0000000000000000                __vectors
 *(.vectors)
 *(.progmem.gcc*)
                0x0000000000000054                . = ALIGN (0x2)
                0x0000000000000054                __trampolines_start = .
 *(.trampolines)
 .trampolines   0x0000000000000054        0x0 linker stubs
 *(.trampolines*)
                0x0000000000000054                __trampolines_end = .
 *libprintf_flt.a:*(.progmem.data)
 *libc.a:*(.progmem.data)
 *(.progmem.*)
                0x0000000000000054                . = ALIGN (0x2)
 *(.lowtext)
 *(.lowtext*)
                0x0000000000000054                __ctors_start = .
 *(.ctors)
                0x0000000000000054                __ctors_end = .
                0x0000000000000054                __dtors_start = .
 *(.dtors)
                0x0000000000000054                __dtors_end = .
 SORT_BY_NAME(*)(.ctors)
 SORT_BY_NAME(*)(.dtors)
 *(.init0)
 .init0         0x0000000000000054        0x0 c:/winavr/bin/../lib/gcc/avr/9.1.0/../../../../avr/lib/avr5/crtatmega16.o
                0x0000000000000054                __init
 *(.init0)
 *(.init1)
 *(.init1)
 *(.init2)
 .init2         0x0000000000000054        0xc c:/winavr/bin/../lib/gcc/avr/9.1.0/../../../../avr/lib/avr5/crtatmega16.o
 *(.init2)
 *(.init3)
 *(.init3)
 *(.init4)
 .init4         0x0000000000000060       0x16 c:/winavr/bin/../lib/gcc/avr/9.1.0/avr5\libgcc.a(_copy_data.o)
                0x0000000000000060                __do_copy_data
 .init4         0x0000000000000076       0x10 c:/winavr/bin/../lib/gcc/avr/9.1.0/avr5\libgcc.a(_clear_bss.o)
                0x0000000000000076                __do_clear_bss
 *(.init4)
 *(.init5)
 *(.init5)
 *(.init6)
 *(.init6)
 *(.init7)
 *(.init7)
 *(.init8)
 *(.init8)
 *(.init9)
 .init9         0x0000000000000086        0x8 c:/winavr/bin/../lib/gcc/avr/9.1.0/../../../../avr/lib/avr5/crtatmega16.o
 *(.init9)
 *(.text)
 .text          0x000000000000008e        0x4 c:/winavr/bin/../lib/gcc/avr/9.1.0/../../../../avr/lib/avr5/crtatmega16.o
                0x000000000000008e                __vector_12
                0x000000000000008e                __bad_interrupt
                0x000000000000008e                __vector_3
                0x000000000000008e                __vector_11
                0x000000000000008e                __vector_13
                0x000000000000008e                __vector_17
                0x000000000000008e                __vector_19
                0x000000000000008e                __vector_7
                0x000000000000008e                __vector_5
                0x000000000000008e                __vector_4
                0x000000000000008e                __vector_9
                0x000000000000008e                __vector_15
                0x000000000000008e                __vector_8
                0x000000000000008e                __vector_14
                0x000000000000008e                __vector_10
                0x000000000000008e                __vector_16
                0x000000000000008e                __vector_18
                0x000000000000008e                __vector_20
 .text          0x0000000000000092        0x0 ./final_project.o
 .text          0x0000000000000092        0x0 c:/winavr/bin/../lib/gcc/avr/9.1.0/avr5\libgcc.a(_divmodhi4.o)
 .text          0x0000000000000092        0x0 c:/winavr/bin/../lib/gcc/avr/9.1.0/avr5\libgcc.a(_exit.o)
 .text          0x0000000000000092        0x0 c:/winavr/bin/../lib/gcc/avr/9.1.0/avr5\libgcc.a(_copy_data.o)
 .text          0x0000000000000092        0x0 c:/winavr/bin/../lib/gcc/avr/9.1.0/avr5\libgcc.a(_clear_bss.o)
 .text          0x0000000000000092        0x0 c:/winavr/bin/../lib/gcc/avr/9.1.0/avr5\libgcc.a(_udivmodhi4.o)
 .text          0x0000000000000092        0x0 c:/winavr/bin/../lib/gcc/avr/9.1.0/../../../../avr/lib/avr5\libm.a(cmpsf2.o)
 .text          0x0000000000000092        0x0 c:/winavr/bin/../lib/gcc/avr/9.1.0/../../../../avr/lib/avr5\libm.a(divsf3.o)
 .text          0x0000000000000092        0x0 c:/winavr/bin/../lib/gcc/avr/9.1.0/../../../../avr/lib/avr5\libm.a(divsf3x.o)
 .text          0x0000000000000092        0x0 c:/winavr/bin/../lib/gcc/avr/9.1.0/../../../../avr/lib/avr5\libm.a(fixunssfsi.o)
 .text          0x0000000000000092        0x0 c:/winavr/bin/../lib/gcc/avr/9.1.0/../../../../avr/lib/avr5\libm.a(fp_cmp.o)
 .text          0x0000000000000092        0x0 c:/winavr/bin/../lib/gcc/avr/9.1.0/../../../../avr/lib/avr5\libm.a(fp_inf.o)
 .text          0x0000000000000092        0x0 c:/winavr/bin/../lib/gcc/avr/9.1.0/../../../../avr/lib/avr5\libm.a(fp_nan.o)
 .text          0x0000000000000092        0x0 c:/winavr/bin/../lib/gcc/avr/9.1.0/../../../../avr/lib/avr5\libm.a(fp_pscA.o)
 .text          0x0000000000000092        0x0 c:/winavr/bin/../lib/gcc/avr/9.1.0/../../../../avr/lib/avr5\libm.a(fp_pscB.o)
 .text          0x0000000000000092        0x0 c:/winavr/bin/../lib/gcc/avr/9.1.0/../../../../avr/lib/avr5\libm.a(fp_round.o)
 .text          0x0000000000000092        0x0 c:/winavr/bin/../lib/gcc/avr/9.1.0/../../../../avr/lib/avr5\libm.a(fp_split3.o)
 .text          0x0000000000000092        0x0 c:/winavr/bin/../lib/gcc/avr/9.1.0/../../../../avr/lib/avr5\libm.a(fp_zero.o)
 .text          0x0000000000000092        0x0 c:/winavr/bin/../lib/gcc/avr/9.1.0/../../../../avr/lib/avr5\libm.a(gesf2.o)
 .text          0x0000000000000092        0x0 c:/winavr/bin/../lib/gcc/avr/9.1.0/../../../../avr/lib/avr5\libm.a(mulsf3.o)
 .text          0x0000000000000092        0x0 c:/winavr/bin/../lib/gcc/avr/9.1.0/../../../../avr/lib/avr5\libm.a(mulsf3x.o)
                0x0000000000000092                . = ALIGN (0x2)
 *(.text.*)
 .text.main     0x0000000000000092     0x18e2 ./final_project.o
                0x0000000000000092                main
 .text.PORT_init
                0x0000000000001974       0x7c ./final_project.o
                0x0000000000001974                PORT_init
 .text.Timer1_init
                0x00000000000019f0       0x4c ./final_project.o
                0x00000000000019f0                Timer1_init
 .text.INT0_init
                0x0000000000001a3c       0x58 ./final_project.o
                0x0000000000001a3c                INT0_init
 .text.INT1_init
                0x0000000000001a94       0x58 ./final_project.o
                0x0000000000001a94                INT1_init
 .text.edit_Time
                0x0000000000001aec       0xca ./final_project.o
                0x0000000000001aec                edit_Time
 .text.__vector_6
                0x0000000000001bb6       0x70 ./final_project.o
                0x0000000000001bb6                __vector_6
 .text.__vector_1
                0x0000000000001c26       0x38 ./final_project.o
                0x0000000000001c26                __vector_1
 .text.__vector_2
                0x0000000000001c5e       0x36 ./final_project.o
                0x0000000000001c5e                __vector_2
 .text.libgcc.mul
                0x0000000000001c94        0x0 c:/winavr/bin/../lib/gcc/avr/9.1.0/avr5\libgcc.a(_divmodhi4.o)
 .text.libgcc.div
                0x0000000000001c94       0x28 c:/winavr/bin/../lib/gcc/avr/9.1.0/avr5\libgcc.a(_divmodhi4.o)
                0x0000000000001c94                _div
                0x0000000000001c94                __divmodhi4
 .text.libgcc   0x0000000000001cbc        0x0 c:/winavr/bin/../lib/gcc/avr/9.1.0/avr5\libgcc.a(_divmodhi4.o)
 .text.libgcc.prologue
                0x0000000000001cbc        0x0 c:/winavr/bin/../lib/gcc/avr/9.1.0/avr5\libgcc.a(_divmodhi4.o)
 .text.libgcc.builtins
                0x0000000000001cbc        0x0 c:/winavr/bin/../lib/gcc/avr/9.1.0/avr5\libgcc.a(_divmodhi4.o)
 .text.libgcc.fmul
                0x0000000000001cbc        0x0 c:/winavr/bin/../lib/gcc/avr/9.1.0/avr5\libgcc.a(_divmodhi4.o)
 .text.libgcc.fixed
                0x0000000000001cbc        0x0 c:/winavr/bin/../lib/gcc/avr/9.1.0/avr5\libgcc.a(_divmodhi4.o)
 .text.libgcc.mul
                0x0000000000001cbc        0x0 c:/winavr/bin/../lib/gcc/avr/9.1.0/avr5\libgcc.a(_exit.o)
 .text.libgcc.div
                0x0000000000001cbc        0x0 c:/winavr/bin/../lib/gcc/avr/9.1.0/avr5\libgcc.a(_exit.o)
 .text.libgcc   0x0000000000001cbc        0x0 c:/winavr/bin/../lib/gcc/avr/9.1.0/avr5\libgcc.a(_exit.o)
 .text.libgcc.prologue
                0x0000000000001cbc        0x0 c:/winavr/bin/../lib/gcc/avr/9.1.0/avr5\libgcc.a(_exit.o)
 .text.libgcc.builtins
                0x0000000000001cbc        0x0 c:/winavr/bin/../lib/gcc/avr/9.1.0/avr5\libgcc.a(_exit.o)
 .text.libgcc.fmul
                0x0000000000001cbc        0x0 c:/winavr/bin/../lib/gcc/avr/9.1.0/avr5\libgcc.a(_exit.o)
 .text.libgcc.fixed
                0x0000000000001cbc        0x0 c:/winavr/bin/../lib/gcc/avr/9.1.0/avr5\libgcc.a(_exit.o)
 .text.libgcc.mul
                0x0000000000001cbc        0x0 c:/winavr/bin/../lib/gcc/avr/9.1.0/avr5\libgcc.a(_copy_data.o)
 .text.libgcc.div
                0x0000000000001cbc        0x0 c:/winavr/bin/../lib/gcc/avr/9.1.0/avr5\libgcc.a(_copy_data.o)
 .text.libgcc   0x0000000000001cbc        0x0 c:/winavr/bin/../lib/gcc/avr/9.1.0/avr5\libgcc.a(_copy_data.o)
 .text.libgcc.prologue
                0x0000000000001cbc        0x0 c:/winavr/bin/../lib/gcc/avr/9.1.0/avr5\libgcc.a(_copy_data.o)
 .text.libgcc.builtins
                0x0000000000001cbc        0x0 c:/winavr/bin/../lib/gcc/avr/9.1.0/avr5\libgcc.a(_copy_data.o)
 .text.libgcc.fmul
                0x0000000000001cbc        0x0 c:/winavr/bin/../lib/gcc/avr/9.1.0/avr5\libgcc.a(_copy_data.o)
 .text.libgcc.fixed
                0x0000000000001cbc        0x0 c:/winavr/bin/../lib/gcc/avr/9.1.0/avr5\libgcc.a(_copy_data.o)
 .text.libgcc.mul
                0x0000000000001cbc        0x0 c:/winavr/bin/../lib/gcc/avr/9.1.0/avr5\libgcc.a(_clear_bss.o)
 .text.libgcc.div
                0x0000000000001cbc        0x0 c:/winavr/bin/../lib/gcc/avr/9.1.0/avr5\libgcc.a(_clear_bss.o)
 .text.libgcc   0x0000000000001cbc        0x0 c:/winavr/bin/../lib/gcc/avr/9.1.0/avr5\libgcc.a(_clear_bss.o)
 .text.libgcc.prologue
                0x0000000000001cbc        0x0 c:/winavr/bin/../lib/gcc/avr/9.1.0/avr5\libgcc.a(_clear_bss.o)
 .text.libgcc.builtins
                0x0000000000001cbc        0x0 c:/winavr/bin/../lib/gcc/avr/9.1.0/avr5\libgcc.a(_clear_bss.o)
 .text.libgcc.fmul
                0x0000000000001cbc        0x0 c:/winavr/bin/../lib/gcc/avr/9.1.0/avr5\libgcc.a(_clear_bss.o)
 .text.libgcc.fixed
                0x0000000000001cbc        0x0 c:/winavr/bin/../lib/gcc/avr/9.1.0/avr5\libgcc.a(_clear_bss.o)
 .text.libgcc.mul
                0x0000000000001cbc        0x0 c:/winavr/bin/../lib/gcc/avr/9.1.0/avr5\libgcc.a(_udivmodhi4.o)
 .text.libgcc.div
                0x0000000000001cbc       0x28 c:/winavr/bin/../lib/gcc/avr/9.1.0/avr5\libgcc.a(_udivmodhi4.o)
                0x0000000000001cbc                __udivmodhi4
 .text.libgcc   0x0000000000001ce4        0x0 c:/winavr/bin/../lib/gcc/avr/9.1.0/avr5\libgcc.a(_udivmodhi4.o)
 .text.libgcc.prologue
                0x0000000000001ce4        0x0 c:/winavr/bin/../lib/gcc/avr/9.1.0/avr5\libgcc.a(_udivmodhi4.o)
 .text.libgcc.builtins
                0x0000000000001ce4        0x0 c:/winavr/bin/../lib/gcc/avr/9.1.0/avr5\libgcc.a(_udivmodhi4.o)
 .text.libgcc.fmul
                0x0000000000001ce4        0x0 c:/winavr/bin/../lib/gcc/avr/9.1.0/avr5\libgcc.a(_udivmodhi4.o)
 .text.libgcc.fixed
                0x0000000000001ce4        0x0 c:/winavr/bin/../lib/gcc/avr/9.1.0/avr5\libgcc.a(_udivmodhi4.o)
 .text.avr-libc.fplib
                0x0000000000001ce4        0xa c:/winavr/bin/../lib/gcc/avr/9.1.0/../../../../avr/lib/avr5\libm.a(cmpsf2.o)
                0x0000000000001ce4                __nesf2
                0x0000000000001ce4                __eqsf2
                0x0000000000001ce4                __cmpsf2
                0x0000000000001ce4                __ltsf2
                0x0000000000001ce4                __lesf2
 .text.avr-libc.fplib
                0x0000000000001cee        0x8 c:/winavr/bin/../lib/gcc/avr/9.1.0/../../../../avr/lib/avr5\libm.a(divsf3.o)
                0x0000000000001cee                __divsf3
 .text.avr-libc.fplib
                0x0000000000001cf6       0xdc c:/winavr/bin/../lib/gcc/avr/9.1.0/../../../../avr/lib/avr5\libm.a(divsf3x.o)
                0x0000000000001d16                __divsf3x
                0x0000000000001d1c                __divsf3_pse
 .text.avr-libc.fplib
                0x0000000000001dd2       0x5e c:/winavr/bin/../lib/gcc/avr/9.1.0/../../../../avr/lib/avr5\libm.a(fixunssfsi.o)
                0x0000000000001dd2                __fixunssfsi
 .text.avr-libc.fplib
                0x0000000000001e30       0x48 c:/winavr/bin/../lib/gcc/avr/9.1.0/../../../../avr/lib/avr5\libm.a(fp_cmp.o)
                0x0000000000001e30                __fp_cmp
 .text.avr-libc.fplib
                0x0000000000001e78        0xc c:/winavr/bin/../lib/gcc/avr/9.1.0/../../../../avr/lib/avr5\libm.a(fp_inf.o)
                0x0000000000001e78                __fp_inf
 .text.avr-libc.fplib
                0x0000000000001e84        0x6 c:/winavr/bin/../lib/gcc/avr/9.1.0/../../../../avr/lib/avr5\libm.a(fp_nan.o)
                0x0000000000001e84                __fp_nan
 .text.avr-libc.fplib
                0x0000000000001e8a        0xe c:/winavr/bin/../lib/gcc/avr/9.1.0/../../../../avr/lib/avr5\libm.a(fp_pscA.o)
                0x0000000000001e8a                __fp_pscA
 .text.avr-libc.fplib
                0x0000000000001e98        0xe c:/winavr/bin/../lib/gcc/avr/9.1.0/../../../../avr/lib/avr5\libm.a(fp_pscB.o)
                0x0000000000001e98                __fp_pscB
 .text.avr-libc.fplib
                0x0000000000001ea6       0x22 c:/winavr/bin/../lib/gcc/avr/9.1.0/../../../../avr/lib/avr5\libm.a(fp_round.o)
                0x0000000000001ea6                __fp_round
 .text.avr-libc.fplib
                0x0000000000001ec8       0x44 c:/winavr/bin/../lib/gcc/avr/9.1.0/../../../../avr/lib/avr5\libm.a(fp_split3.o)
                0x0000000000001ec8                __fp_split3
                0x0000000000001ed8                __fp_splitA
 .text.avr-libc.fplib
                0x0000000000001f0c        0xe c:/winavr/bin/../lib/gcc/avr/9.1.0/../../../../avr/lib/avr5\libm.a(fp_zero.o)
                0x0000000000001f0c                __fp_zero
                0x0000000000001f0e                __fp_szero
 .text.avr-libc.fplib
                0x0000000000001f1a        0xa c:/winavr/bin/../lib/gcc/avr/9.1.0/../../../../avr/lib/avr5\libm.a(gesf2.o)
                0x0000000000001f1a                __gesf2
                0x0000000000001f1a                __gtsf2
 .text.avr-libc.fplib
                0x0000000000001f24        0x8 c:/winavr/bin/../lib/gcc/avr/9.1.0/../../../../avr/lib/avr5\libm.a(mulsf3.o)
                0x0000000000001f24                __mulsf3
 .text.avr-libc.fplib
                0x0000000000001f2c       0xd2 c:/winavr/bin/../lib/gcc/avr/9.1.0/../../../../avr/lib/avr5\libm.a(mulsf3x.o)
                0x0000000000001f4a                __mulsf3x
                0x0000000000001f50                __mulsf3_pse
                0x0000000000001ffe                . = ALIGN (0x2)
 *(.fini9)
 .fini9         0x0000000000001ffe        0x0 c:/winavr/bin/../lib/gcc/avr/9.1.0/avr5\libgcc.a(_exit.o)
                0x0000000000001ffe                _exit
                0x0000000000001ffe                exit
 *(.fini9)
 *(.fini8)
 *(.fini8)
 *(.fini7)
 *(.fini7)
 *(.fini6)
 *(.fini6)
 *(.fini5)
 *(.fini5)
 *(.fini4)
 *(.fini4)
 *(.fini3)
 *(.fini3)
 *(.fini2)
 *(.fini2)
 *(.fini1)
 *(.fini1)
 *(.fini0)
 .fini0         0x0000000000001ffe        0x4 c:/winavr/bin/../lib/gcc/avr/9.1.0/avr5\libgcc.a(_exit.o)
 *(.fini0)
 *(.hightext)
 *(.hightext*)
 *(.progmemx.*)
                0x0000000000002002                . = ALIGN (0x2)
 *(.jumptables)
 *(.jumptables*)
                0x0000000000002002                _etext = .

.data           0x0000000000800060        0x4 load address 0x0000000000002002
                0x0000000000800060                PROVIDE (__data_start = .)
 *(.data)
 .data          0x0000000000800060        0x0 c:/winavr/bin/../lib/gcc/avr/9.1.0/../../../../avr/lib/avr5/crtatmega16.o
 .data          0x0000000000800060        0x0 ./final_project.o
 .data          0x0000000000800060        0x0 c:/winavr/bin/../lib/gcc/avr/9.1.0/avr5\libgcc.a(_divmodhi4.o)
 .data          0x0000000000800060        0x0 c:/winavr/bin/../lib/gcc/avr/9.1.0/avr5\libgcc.a(_exit.o)
 .data          0x0000000000800060        0x0 c:/winavr/bin/../lib/gcc/avr/9.1.0/avr5\libgcc.a(_copy_data.o)
 .data          0x0000000000800060        0x0 c:/winavr/bin/../lib/gcc/avr/9.1.0/avr5\libgcc.a(_clear_bss.o)
 .data          0x0000000000800060        0x0 c:/winavr/bin/../lib/gcc/avr/9.1.0/avr5\libgcc.a(_udivmodhi4.o)
 .data          0x0000000000800060        0x0 c:/winavr/bin/../lib/gcc/avr/9.1.0/../../../../avr/lib/avr5\libm.a(cmpsf2.o)
 .data          0x0000000000800060        0x0 c:/winavr/bin/../lib/gcc/avr/9.1.0/../../../../avr/lib/avr5\libm.a(divsf3.o)
 .data          0x0000000000800060        0x0 c:/winavr/bin/../lib/gcc/avr/9.1.0/../../../../avr/lib/avr5\libm.a(divsf3x.o)
 .data          0x0000000000800060        0x0 c:/winavr/bin/../lib/gcc/avr/9.1.0/../../../../avr/lib/avr5\libm.a(fixunssfsi.o)
 .data          0x0000000000800060        0x0 c:/winavr/bin/../lib/gcc/avr/9.1.0/../../../../avr/lib/avr5\libm.a(fp_cmp.o)
 .data          0x0000000000800060        0x0 c:/winavr/bin/../lib/gcc/avr/9.1.0/../../../../avr/lib/avr5\libm.a(fp_inf.o)
 .data          0x0000000000800060        0x0 c:/winavr/bin/../lib/gcc/avr/9.1.0/../../../../avr/lib/avr5\libm.a(fp_nan.o)
 .data          0x0000000000800060        0x0 c:/winavr/bin/../lib/gcc/avr/9.1.0/../../../../avr/lib/avr5\libm.a(fp_pscA.o)
 .data          0x0000000000800060        0x0 c:/winavr/bin/../lib/gcc/avr/9.1.0/../../../../avr/lib/avr5\libm.a(fp_pscB.o)
 .data          0x0000000000800060        0x0 c:/winavr/bin/../lib/gcc/avr/9.1.0/../../../../avr/lib/avr5\libm.a(fp_round.o)
 .data          0x0000000000800060        0x0 c:/winavr/bin/../lib/gcc/avr/9.1.0/../../../../avr/lib/avr5\libm.a(fp_split3.o)
 .data          0x0000000000800060        0x0 c:/winavr/bin/../lib/gcc/avr/9.1.0/../../../../avr/lib/avr5\libm.a(fp_zero.o)
 .data          0x0000000000800060        0x0 c:/winavr/bin/../lib/gcc/avr/9.1.0/../../../../avr/lib/avr5\libm.a(gesf2.o)
 .data          0x0000000000800060        0x0 c:/winavr/bin/../lib/gcc/avr/9.1.0/../../../../avr/lib/avr5\libm.a(mulsf3.o)
 .data          0x0000000000800060        0x0 c:/winavr/bin/../lib/gcc/avr/9.1.0/../../../../avr/lib/avr5\libm.a(mulsf3x.o)
 *(.data*)
 .data.sec      0x0000000000800060        0x1 ./final_project.o
                0x0000000000800060                sec
 .data.minut    0x0000000000800061        0x1 ./final_project.o
                0x0000000000800061                minut
 .data.hour     0x0000000000800062        0x1 ./final_project.o
                0x0000000000800062                hour
 *(.gnu.linkonce.d*)
 *(.rodata)
 *(.rodata*)
 *(.gnu.linkonce.r*)
                0x0000000000800064                . = ALIGN (0x2)
 *fill*         0x0000000000800063        0x1 
                0x0000000000800064                _edata = .
                0x0000000000800064                PROVIDE (__data_end = .)

.bss            0x0000000000800064        0x3
                0x0000000000800064                PROVIDE (__bss_start = .)
 *(.bss)
 .bss           0x0000000000800064        0x0 c:/winavr/bin/../lib/gcc/avr/9.1.0/../../../../avr/lib/avr5/crtatmega16.o
 .bss           0x0000000000800064        0x0 ./final_project.o
 .bss           0x0000000000800064        0x0 c:/winavr/bin/../lib/gcc/avr/9.1.0/avr5\libgcc.a(_divmodhi4.o)
 .bss           0x0000000000800064        0x0 c:/winavr/bin/../lib/gcc/avr/9.1.0/avr5\libgcc.a(_exit.o)
 .bss           0x0000000000800064        0x0 c:/winavr/bin/../lib/gcc/avr/9.1.0/avr5\libgcc.a(_copy_data.o)
 .bss           0x0000000000800064        0x0 c:/winavr/bin/../lib/gcc/avr/9.1.0/avr5\libgcc.a(_clear_bss.o)
 .bss           0x0000000000800064        0x0 c:/winavr/bin/../lib/gcc/avr/9.1.0/avr5\libgcc.a(_udivmodhi4.o)
 .bss           0x0000000000800064        0x0 c:/winavr/bin/../lib/gcc/avr/9.1.0/../../../../avr/lib/avr5\libm.a(cmpsf2.o)
 .bss           0x0000000000800064        0x0 c:/winavr/bin/../lib/gcc/avr/9.1.0/../../../../avr/lib/avr5\libm.a(divsf3.o)
 .bss           0x0000000000800064        0x0 c:/winavr/bin/../lib/gcc/avr/9.1.0/../../../../avr/lib/avr5\libm.a(divsf3x.o)
 .bss           0x0000000000800064        0x0 c:/winavr/bin/../lib/gcc/avr/9.1.0/../../../../avr/lib/avr5\libm.a(fixunssfsi.o)
 .bss           0x0000000000800064        0x0 c:/winavr/bin/../lib/gcc/avr/9.1.0/../../../../avr/lib/avr5\libm.a(fp_cmp.o)
 .bss           0x0000000000800064        0x0 c:/winavr/bin/../lib/gcc/avr/9.1.0/../../../../avr/lib/avr5\libm.a(fp_inf.o)
 .bss           0x0000000000800064        0x0 c:/winavr/bin/../lib/gcc/avr/9.1.0/../../../../avr/lib/avr5\libm.a(fp_nan.o)
 .bss           0x0000000000800064        0x0 c:/winavr/bin/../lib/gcc/avr/9.1.0/../../../../avr/lib/avr5\libm.a(fp_pscA.o)
 .bss           0x0000000000800064        0x0 c:/winavr/bin/../lib/gcc/avr/9.1.0/../../../../avr/lib/avr5\libm.a(fp_pscB.o)
 .bss           0x0000000000800064        0x0 c:/winavr/bin/../lib/gcc/avr/9.1.0/../../../../avr/lib/avr5\libm.a(fp_round.o)
 .bss           0x0000000000800064        0x0 c:/winavr/bin/../lib/gcc/avr/9.1.0/../../../../avr/lib/avr5\libm.a(fp_split3.o)
 .bss           0x0000000000800064        0x0 c:/winavr/bin/../lib/gcc/avr/9.1.0/../../../../avr/lib/avr5\libm.a(fp_zero.o)
 .bss           0x0000000000800064        0x0 c:/winavr/bin/../lib/gcc/avr/9.1.0/../../../../avr/lib/avr5\libm.a(gesf2.o)
 .bss           0x0000000000800064        0x0 c:/winavr/bin/../lib/gcc/avr/9.1.0/../../../../avr/lib/avr5\libm.a(mulsf3.o)
 .bss           0x0000000000800064        0x0 c:/winavr/bin/../lib/gcc/avr/9.1.0/../../../../avr/lib/avr5\libm.a(mulsf3x.o)
 *(.bss*)
 .bss.pause     0x0000000000800064        0x1 ./final_project.o
                0x0000000000800064                pause
 .bss.flag_Minut
                0x0000000000800065        0x1 ./final_project.o
                0x0000000000800065                flag_Minut
 .bss.flag_Hour
                0x0000000000800066        0x1 ./final_project.o
                0x0000000000800066                flag_Hour
 *(COMMON)
                0x0000000000800067                PROVIDE (__bss_end = .)
                0x0000000000002002                __data_load_start = LOADADDR (.data)
                0x0000000000002006                __data_load_end = (__data_load_start + SIZEOF (.data))

.noinit         0x0000000000800067        0x0
                [!provide]                        PROVIDE (__noinit_start = .)
 *(.noinit*)
                [!provide]                        PROVIDE (__noinit_end = .)
                0x0000000000800067                _end = .
                [!provide]                        PROVIDE (__heap_start = .)

.eeprom         0x0000000000810000        0x0
 *(.eeprom*)
                0x0000000000810000                __eeprom_end = .

.fuse
 *(.fuse)
 *(.lfuse)
 *(.hfuse)
 *(.efuse)

.lock
 *(.lock*)

.signature
 *(.signature*)

.stab           0x0000000000000000     0x1740
 *(.stab)
 .stab          0x0000000000000000     0x1740 ./final_project.o

.stabstr        0x0000000000000000      0xd54
 *(.stabstr)
 .stabstr       0x0000000000000000      0xd54 ./final_project.o

.stab.excl
 *(.stab.excl)

.stab.exclstr
 *(.stab.exclstr)

.stab.index
 *(.stab.index)

.stab.indexstr
 *(.stab.indexstr)

.comment        0x0000000000000000       0x11
 *(.comment)
 .comment       0x0000000000000000       0x11 ./final_project.o
                                         0x12 (size before relaxing)

.note.gnu.avr.deviceinfo
                0x0000000000000000       0x3c
 .note.gnu.avr.deviceinfo
                0x0000000000000000       0x3c c:/winavr/bin/../lib/gcc/avr/9.1.0/../../../../avr/lib/avr5/crtatmega16.o

.note.gnu.build-id
 *(.note.gnu.build-id)

.debug
 *(.debug)

.line
 *(.line)

.debug_srcinfo
 *(.debug_srcinfo)

.debug_sfnames
 *(.debug_sfnames)

.debug_aranges  0x0000000000000000       0xa0
 *(.debug_aranges)
 .debug_aranges
                0x0000000000000000       0x20 c:/winavr/bin/../lib/gcc/avr/9.1.0/avr5\libgcc.a(_divmodhi4.o)
 .debug_aranges
                0x0000000000000020       0x20 c:/winavr/bin/../lib/gcc/avr/9.1.0/avr5\libgcc.a(_exit.o)
 .debug_aranges
                0x0000000000000040       0x20 c:/winavr/bin/../lib/gcc/avr/9.1.0/avr5\libgcc.a(_copy_data.o)
 .debug_aranges
                0x0000000000000060       0x20 c:/winavr/bin/../lib/gcc/avr/9.1.0/avr5\libgcc.a(_clear_bss.o)
 .debug_aranges
                0x0000000000000080       0x20 c:/winavr/bin/../lib/gcc/avr/9.1.0/avr5\libgcc.a(_udivmodhi4.o)

.debug_pubnames
 *(.debug_pubnames)

.debug_info     0x0000000000000000      0x5ec
 *(.debug_info .gnu.linkonce.wi.*)
 .debug_info    0x0000000000000000      0x52e c:/winavr/bin/../lib/gcc/avr/9.1.0/../../../../avr/lib/avr5/crtatmega16.o
 .debug_info    0x000000000000052e       0x26 c:/winavr/bin/../lib/gcc/avr/9.1.0/avr5\libgcc.a(_divmodhi4.o)
 .debug_info    0x0000000000000554       0x26 c:/winavr/bin/../lib/gcc/avr/9.1.0/avr5\libgcc.a(_exit.o)
 .debug_info    0x000000000000057a       0x26 c:/winavr/bin/../lib/gcc/avr/9.1.0/avr5\libgcc.a(_copy_data.o)
 .debug_info    0x00000000000005a0       0x26 c:/winavr/bin/../lib/gcc/avr/9.1.0/avr5\libgcc.a(_clear_bss.o)
 .debug_info    0x00000000000005c6       0x26 c:/winavr/bin/../lib/gcc/avr/9.1.0/avr5\libgcc.a(_udivmodhi4.o)

.debug_abbrev   0x0000000000000000      0x54b
 *(.debug_abbrev)
 .debug_abbrev  0x0000000000000000      0x4e7 c:/winavr/bin/../lib/gcc/avr/9.1.0/../../../../avr/lib/avr5/crtatmega16.o
 .debug_abbrev  0x00000000000004e7       0x14 c:/winavr/bin/../lib/gcc/avr/9.1.0/avr5\libgcc.a(_divmodhi4.o)
 .debug_abbrev  0x00000000000004fb       0x14 c:/winavr/bin/../lib/gcc/avr/9.1.0/avr5\libgcc.a(_exit.o)
 .debug_abbrev  0x000000000000050f       0x14 c:/winavr/bin/../lib/gcc/avr/9.1.0/avr5\libgcc.a(_copy_data.o)
 .debug_abbrev  0x0000000000000523       0x14 c:/winavr/bin/../lib/gcc/avr/9.1.0/avr5\libgcc.a(_clear_bss.o)
 .debug_abbrev  0x0000000000000537       0x14 c:/winavr/bin/../lib/gcc/avr/9.1.0/avr5\libgcc.a(_udivmodhi4.o)

.debug_line     0x0000000000000000      0x32e
 *(.debug_line .debug_line.* .debug_line_end)
 .debug_line    0x0000000000000000       0x1d c:/winavr/bin/../lib/gcc/avr/9.1.0/../../../../avr/lib/avr5/crtatmega16.o
 .debug_line    0x000000000000001d       0xc7 c:/winavr/bin/../lib/gcc/avr/9.1.0/avr5\libgcc.a(_divmodhi4.o)
 .debug_line    0x00000000000000e4       0x61 c:/winavr/bin/../lib/gcc/avr/9.1.0/avr5\libgcc.a(_exit.o)
 .debug_line    0x0000000000000145       0x97 c:/winavr/bin/../lib/gcc/avr/9.1.0/avr5\libgcc.a(_copy_data.o)
 .debug_line    0x00000000000001dc       0x85 c:/winavr/bin/../lib/gcc/avr/9.1.0/avr5\libgcc.a(_clear_bss.o)
 .debug_line    0x0000000000000261       0xcd c:/winavr/bin/../lib/gcc/avr/9.1.0/avr5\libgcc.a(_udivmodhi4.o)

.debug_frame
 *(.debug_frame)

.debug_str      0x0000000000000000      0x20d
 *(.debug_str)
 .debug_str     0x0000000000000000      0x1af c:/winavr/bin/../lib/gcc/avr/9.1.0/../../../../avr/lib/avr5/crtatmega16.o
 .debug_str     0x00000000000001af       0x5e c:/winavr/bin/../lib/gcc/avr/9.1.0/avr5\libgcc.a(_divmodhi4.o)
 .debug_str     0x000000000000020d       0x5e c:/winavr/bin/../lib/gcc/avr/9.1.0/avr5\libgcc.a(_exit.o)
 .debug_str     0x000000000000020d       0x5e c:/winavr/bin/../lib/gcc/avr/9.1.0/avr5\libgcc.a(_copy_data.o)
 .debug_str     0x000000000000020d       0x5e c:/winavr/bin/../lib/gcc/avr/9.1.0/avr5\libgcc.a(_clear_bss.o)
 .debug_str     0x000000000000020d       0x5e c:/winavr/bin/../lib/gcc/avr/9.1.0/avr5\libgcc.a(_udivmodhi4.o)

.debug_loc
 *(.debug_loc)

.debug_macinfo
 *(.debug_macinfo)

.debug_weaknames
 *(.debug_weaknames)

.debug_funcnames
 *(.debug_funcnames)

.debug_typenames
 *(.debug_typenames)

.debug_varnames
 *(.debug_varnames)

.debug_pubtypes
 *(.debug_pubtypes)

.debug_ranges
 *(.debug_ranges)

.debug_macro
 *(.debug_macro)

.debug_addr
 *(.debug_addr)
OUTPUT(Final_project.elf elf32-avr)
LOAD linker stubs
